// Jest Snapshot v1, https://goo.gl/fbAQLP

exports[`it matches snapshot 1`] = `
<h5
  class="ant-typography"
  data-testid="typography-title"
  style="margin-bottom: 0px; color: black; font-weight: boldFont;"
>
  Title
</h5>
`;
